// Jest Snapshot v1, https://goo.gl/fbAQLP

exports[`The TestimonialCarousel.jsx component: renders the comoponent 1`] = `ShallowWrapper {}`;
