// Jest Snapshot v1, https://goo.gl/fbAQLP

exports[`The EmailForm.jsx component: renders the EmailForm.jsx component 1`] = `ShallowWrapper {}`;
