// Jest Snapshot v1, https://goo.gl/fbAQLP

exports[`The EmailSection.jsx component: renders the EmailSection.jsx component 1`] = `ShallowWrapper {}`;
