// Jest Snapshot v1, https://goo.gl/fbAQLP

exports[`The Contact.js component: renders the Contact.js component 1`] = `ShallowWrapper {}`;
